1
0
0
2
1
(C)2009 
0
3
0
0
0
0
0
700000
0
0
10
2
ami2010-main
09034-001
0
14
0
0
11
3
DESKTOP-UOVCG4T
Windows Vista 
GenuineIntel Intel64 Family 6 Model 61 Stepping 4 ~2195 MHz
2
4
16295.355
9999998
1
Sun Aug 02 04:39:25 2026
0
700010
1
Sun Aug 02 04:39:30 2026
0
700220
0
0
700120
0
1
1792
700130
0
1
8
700140
0
1
3552
700150
0
1
0
700160
0
0
700170
0
0
700180
0
0
224000
0
0
224006
0
0
700260
0
0
700090
0
0
701800
0
1
3552
701810
0
1
356
701840
0
1
8
700240
0
9
0.050000001
0.029999999
0.050000001
-0.050000001
-0.029999999
-1.004457e-006
0.15000001
0.089999996
0.10000101
700250
0
9
0
0
0.024999499
0.52999997
0.52999997
0.55499947
-0.52999997
-0.52999997
-0.50500047
702435
0
0
702250
0
1
21.067451
702260
0
1
376732.31
701680
1
Input part model
0
701690
1
Sun Aug 02 04:39:34 2026
0
701680
1
Input mold model
0
701690
1
Sun Aug 02 04:39:34 2026
0
700020
0
0
0
0
0
0
0
0
700381
0
3
0
0
0
700411
0
6
2699
5.6454643e-005
9999.9961
10000
1431.5093
0.080815345
700400
0
0
701680
1
Boundary Integration 
0
701690
1
Sun Aug 02 04:39:34 2026
0
701680
1
Solution of equilibrium TMP field
0
701690
1
Sun Aug 02 04:39:40 2026
0
700970
0
0
700985
0
0
700970
0
0
701790
0
7
1
35
17
25.000015
0
0
1
701790
0
7
1
35
14
17.940588
0
0
1
701790
0
7
1
35
12
9.5690012
0
0
1
701790
0
7
1
35
17
8.5978642
0
0
1
701790
0
7
1
35
17
2.1674941
0
0
1
701790
0
7
1
35
2
1.136238
0
0
1
701790
0
7
1
35
1
0.028187294
0
0
1
701790
0
7
1
35
3
0.013529655
0
0
1
700970
0
0
701790
0
7
2
35
4
0.10878797
0
0
1
701790
0
7
2
35
0
0.0022480576
0
0
1
701790
0
7
2
35
0
0.0020545188
0
0
1
700970
0
0
701790
0
7
3
35
3
0.0059452401
0
0
0.00024968301
701790
0
7
3
35
0
0.0014792735
0
0
0.00024968301
701790
0
7
3
35
0
0.0013876358
0
0
0.00024968301
700970
0
0
700970
0
0
700420
0
0
700450
0
4
2699
298.14999
298.233
0.083010979
701890
0
1
0
701290
1
mf_minusx_cool_20260802.c2p
0
702180
0
0
702181
0
1
364.95215
702182
0
1
326.19379
702183
0
1
342.25143
702190
0
1
362.35773
702200
0
1
321.40909
702210
0
1
338.34009
702230
0
1
303.80292
702290
0
1
35
9999999
2
Sun Aug 02 04:39:25 2026
Sun Aug 02 04:39:45 2026
1
8.8125
