[2026-05-01 19:28:37] MultiCAD Self-Growth Daemon started.
[2026-05-01 19:28:37] Outside of night-time window (01:00-05:00). Skipping.
[2026-05-01 19:28:37] Self-growth cycle complete. Sleeping until next idle window...
[2026-05-01 19:53:19] Local DB updated.
[2026-05-01 10:53:44] Local DB updated.
[2026-05-01 10:53:44] Turso Cloud DB update failed: 505, message='Invalid response status', url='wss://clawstack-knowledge-yasu2019.aws-ap-northeast-1.turso.io'
[2026-05-01 10:54:31] Local DB updated.
[2026-05-01 10:54:32] Turso Cloud DB updated successfully.
[2026-05-01 20:28:37] Outside of night-time window (01:00-05:00). Skipping.
[2026-05-01 20:28:37] Self-growth cycle complete. Sleeping until next idle window...
[2026-05-01 21:28:37] Outside of night-time window (01:00-05:00). Skipping.
[2026-05-01 21:28:37] Self-growth cycle complete. Sleeping until next idle window...
[2026-05-01 22:28:37] Outside of night-time window (01:00-05:00). Skipping.
[2026-05-01 22:28:37] Self-growth cycle complete. Sleeping until next idle window...
[2026-05-01 23:28:37] Outside of night-time window (01:00-05:00). Skipping.
[2026-05-01 23:28:37] Self-growth cycle complete. Sleeping until next idle window...
[2026-05-02 00:28:37] Outside of night-time window (01:00-05:00). Skipping.
[2026-05-02 00:28:37] Self-growth cycle complete. Sleeping until next idle window...
[2026-05-02 01:28:38] Starting self-growth cycle. Challenge: Create a 3D printable enclosure for an Arduino Uno with snap-fit lid.
[2026-05-02 01:28:38] Success! Knowledge captured in self_training.db
[2026-05-02 01:28:38] Self-growth cycle complete. Sleeping until next idle window...
[2026-05-02 02:28:38] Starting self-growth cycle. Challenge: Create a parametric DIN rail mount clip.
[2026-05-02 02:28:38] Success! Knowledge captured in self_training.db
[2026-05-02 02:28:38] Self-growth cycle complete. Sleeping until next idle window...
[2026-05-02 03:28:38] Starting self-growth cycle. Challenge: Create a 3D printable enclosure for an Arduino Uno with snap-fit lid.
[2026-05-02 03:28:38] Success! Knowledge captured in self_training.db
[2026-05-02 03:28:38] Self-growth cycle complete. Sleeping until next idle window...
[2026-05-02 04:28:38] Starting self-growth cycle. Challenge: Create a parametric DIN rail mount clip.
[2026-05-02 04:28:38] Success! Knowledge captured in self_training.db
[2026-05-02 04:28:38] Self-growth cycle complete. Sleeping until next idle window...
[2026-05-02 05:28:38] Outside of night-time window (01:00-05:00). Skipping.
[2026-05-02 05:28:38] Self-growth cycle complete. Sleeping until next idle window...
[2026-05-02 06:28:38] Outside of night-time window (01:00-05:00). Skipping.
[2026-05-02 06:28:38] Self-growth cycle complete. Sleeping until next idle window...
[2026-05-02 07:28:38] Outside of night-time window (01:00-05:00). Skipping.
[2026-05-02 07:28:38] Self-growth cycle complete. Sleeping until next idle window...
[2026-05-02 08:28:38] Outside of night-time window (01:00-05:00). Skipping.
[2026-05-02 08:28:38] Self-growth cycle complete. Sleeping until next idle window...
[2026-05-02 09:28:38] Outside of night-time window (01:00-05:00). Skipping.
[2026-05-02 09:28:38] Self-growth cycle complete. Sleeping until next idle window...
[2026-05-02 10:28:38] Outside of night-time window (01:00-05:00). Skipping.
[2026-05-02 10:28:38] Self-growth cycle complete. Sleeping until next idle window...
[2026-05-02 11:28:38] Outside of night-time window (01:00-05:00). Skipping.
[2026-05-02 11:28:38] Self-growth cycle complete. Sleeping until next idle window...
[2026-05-02 12:28:38] Outside of night-time window (01:00-05:00). Skipping.
[2026-05-02 12:28:38] Self-growth cycle complete. Sleeping until next idle window...
[2026-05-02 13:28:38] Outside of night-time window (01:00-05:00). Skipping.
[2026-05-02 13:28:38] Self-growth cycle complete. Sleeping until next idle window...
[2026-05-02 14:28:38] Outside of night-time window (01:00-05:00). Skipping.
[2026-05-02 14:28:38] Self-growth cycle complete. Sleeping until next idle window...
[2026-05-02 15:28:38] Outside of night-time window (01:00-05:00). Skipping.
[2026-05-02 15:28:38] Self-growth cycle complete. Sleeping until next idle window...
[2026-05-02 16:28:39] Outside of night-time window (01:00-05:00). Skipping.
[2026-05-02 16:28:39] Self-growth cycle complete. Sleeping until next idle window...
[2026-05-02 17:28:39] Outside of night-time window (01:00-05:00). Skipping.
[2026-05-02 17:28:39] Self-growth cycle complete. Sleeping until next idle window...
[2026-05-02 18:28:39] Outside of night-time window (01:00-05:00). Skipping.
[2026-05-02 18:28:39] Self-growth cycle complete. Sleeping until next idle window...
[2026-05-02 19:28:39] Outside of night-time window (01:00-05:00). Skipping.
[2026-05-02 19:28:39] Self-growth cycle complete. Sleeping until next idle window...
[2026-05-02 20:28:39] Outside of night-time window (01:00-05:00). Skipping.
[2026-05-02 20:28:39] Self-growth cycle complete. Sleeping until next idle window...
[2026-05-02 21:28:39] Outside of night-time window (01:00-05:00). Skipping.
[2026-05-02 21:28:39] Self-growth cycle complete. Sleeping until next idle window...
[2026-05-02 22:28:39] Outside of night-time window (01:00-05:00). Skipping.
[2026-05-02 22:28:39] Self-growth cycle complete. Sleeping until next idle window...
[2026-05-02 23:28:39] Outside of night-time window (01:00-05:00). Skipping.
[2026-05-02 23:28:39] Self-growth cycle complete. Sleeping until next idle window...
[2026-05-03 00:28:39] Outside of night-time window (01:00-05:00). Skipping.
[2026-05-03 00:28:39] Self-growth cycle complete. Sleeping until next idle window...
[2026-05-03 01:28:39] Starting self-growth cycle. Challenge: Create a parametric DIN rail mount clip.
[2026-05-03 01:28:39] Success! Knowledge captured in self_training.db
[2026-05-03 01:28:39] Self-growth cycle complete. Sleeping until next idle window...
[2026-05-03 02:28:39] Starting self-growth cycle. Challenge: Create a parametric DIN rail mount clip.
[2026-05-03 02:28:39] Success! Knowledge captured in self_training.db
[2026-05-03 02:28:39] Self-growth cycle complete. Sleeping until next idle window...
[2026-05-03 03:28:39] Starting self-growth cycle. Challenge: Create a 3D printable enclosure for an Arduino Uno with snap-fit lid.
[2026-05-03 03:28:39] Success! Knowledge captured in self_training.db
[2026-05-03 03:28:39] Self-growth cycle complete. Sleeping until next idle window...
[2026-05-03 04:28:39] Starting self-growth cycle. Challenge: Design a generic L-bracket with adjustable hole diameters and reinforcement ribs.
[2026-05-03 04:28:39] Success! Knowledge captured in self_training.db
[2026-05-03 04:28:39] Self-growth cycle complete. Sleeping until next idle window...
[2026-05-03 05:28:40] Outside of night-time window (01:00-05:00). Skipping.
[2026-05-03 05:28:40] Self-growth cycle complete. Sleeping until next idle window...
[2026-05-03 06:28:40] Outside of night-time window (01:00-05:00). Skipping.
[2026-05-03 06:28:40] Self-growth cycle complete. Sleeping until next idle window...
[2026-05-03 07:28:40] Outside of night-time window (01:00-05:00). Skipping.
[2026-05-03 07:28:40] Self-growth cycle complete. Sleeping until next idle window...
[2026-05-03 08:28:40] Outside of night-time window (01:00-05:00). Skipping.
[2026-05-03 08:28:40] Self-growth cycle complete. Sleeping until next idle window...
[2026-05-03 09:28:40] Outside of night-time window (01:00-05:00). Skipping.
[2026-05-03 09:28:40] Self-growth cycle complete. Sleeping until next idle window...
[2026-05-03 10:28:40] Outside of night-time window (01:00-05:00). Skipping.
[2026-05-03 10:28:40] Self-growth cycle complete. Sleeping until next idle window...
[2026-05-03 11:28:40] Outside of night-time window (01:00-05:00). Skipping.
[2026-05-03 11:28:40] Self-growth cycle complete. Sleeping until next idle window...
[2026-05-03 12:28:40] Outside of night-time window (01:00-05:00). Skipping.
[2026-05-03 12:28:40] Self-growth cycle complete. Sleeping until next idle window...
[2026-05-03 13:28:40] Outside of night-time window (01:00-05:00). Skipping.
[2026-05-03 13:28:40] Self-growth cycle complete. Sleeping until next idle window...
[2026-05-03 14:28:40] Outside of night-time window (01:00-05:00). Skipping.
[2026-05-03 14:28:40] Self-growth cycle complete. Sleeping until next idle window...
[2026-05-03 15:28:40] Outside of night-time window (01:00-05:00). Skipping.
[2026-05-03 15:28:40] Self-growth cycle complete. Sleeping until next idle window...
[2026-05-03 16:28:40] Outside of night-time window (01:00-05:00). Skipping.
[2026-05-03 16:28:40] Self-growth cycle complete. Sleeping until next idle window...
[2026-05-03 17:28:40] Outside of night-time window (01:00-05:00). Skipping.
[2026-05-03 17:28:40] Self-growth cycle complete. Sleeping until next idle window...
[2026-05-03 18:28:41] Outside of night-time window (01:00-05:00). Skipping.
[2026-05-03 18:28:41] Self-growth cycle complete. Sleeping until next idle window...
[2026-05-03 19:28:41] Outside of night-time window (01:00-05:00). Skipping.
[2026-05-03 19:28:41] Self-growth cycle complete. Sleeping until next idle window...
[2026-05-03 20:28:41] Outside of night-time window (01:00-05:00). Skipping.
[2026-05-03 20:28:41] Self-growth cycle complete. Sleeping until next idle window...
[2026-05-03 21:28:41] Outside of night-time window (01:00-05:00). Skipping.
[2026-05-03 21:28:41] Self-growth cycle complete. Sleeping until next idle window...
[2026-05-03 22:28:41] Outside of night-time window (01:00-05:00). Skipping.
[2026-05-03 22:28:41] Self-growth cycle complete. Sleeping until next idle window...
[2026-05-03 23:28:41] Outside of night-time window (01:00-05:00). Skipping.
[2026-05-03 23:28:41] Self-growth cycle complete. Sleeping until next idle window...
[2026-05-04 00:28:41] Outside of night-time window (01:00-05:00). Skipping.
[2026-05-04 00:28:41] Self-growth cycle complete. Sleeping until next idle window...
[2026-05-04 01:28:41] Starting self-growth cycle. Challenge: Generate a heat sink with custom fin density and base thickness.
[2026-05-04 01:28:41] Success! Knowledge captured in self_training.db
[2026-05-04 01:28:41] Self-growth cycle complete. Sleeping until next idle window...
[2026-05-04 02:28:41] Starting self-growth cycle. Challenge: Create a parametric DIN rail mount clip.
[2026-05-04 02:28:41] Success! Knowledge captured in self_training.db
[2026-05-04 02:28:41] Self-growth cycle complete. Sleeping until next idle window...
[2026-05-04 03:28:41] Starting self-growth cycle. Challenge: Create a parametric DIN rail mount clip.
[2026-05-04 03:28:41] Success! Knowledge captured in self_training.db
[2026-05-04 03:28:41] Self-growth cycle complete. Sleeping until next idle window...
[2026-05-04 04:28:41] Starting self-growth cycle. Challenge: Create a 3D printable enclosure for an Arduino Uno with snap-fit lid.
[2026-05-04 04:28:41] Success! Knowledge captured in self_training.db
[2026-05-04 04:28:41] Self-growth cycle complete. Sleeping until next idle window...
[2026-05-04 05:28:41] Outside of night-time window (01:00-05:00). Skipping.
[2026-05-04 05:28:41] Self-growth cycle complete. Sleeping until next idle window...
[2026-05-04 06:28:42] Outside of night-time window (01:00-05:00). Skipping.
[2026-05-04 06:28:42] Self-growth cycle complete. Sleeping until next idle window...
[2026-05-04 07:28:42] Outside of night-time window (01:00-05:00). Skipping.
[2026-05-04 07:28:42] Self-growth cycle complete. Sleeping until next idle window...
[2026-05-04 08:28:42] Outside of night-time window (01:00-05:00). Skipping.
[2026-05-04 08:28:42] Self-growth cycle complete. Sleeping until next idle window...
[2026-05-04 00:20:22] MultiCAD Self-Growth Daemon started.
[2026-05-04 00:20:22] Outside of night-time window (01:00-05:00). Skipping.
[2026-05-04 00:20:22] Self-growth cycle complete. Sleeping until next idle window...
[2026-05-04 00:22:05] Local DB updated.
[2026-05-04 00:22:06] Turso Cloud DB updated successfully.
[2026-05-04 00:42:15] Local DB update failed: unable to open database file
[2026-05-04 00:42:15] Fallback: Knowledge saved to markdown: Growth_Log_20260504_004215.md
